// Jest Snapshot v1, https://goo.gl/fbAQLP

exports[`<CharityTotal /> should render correctly 1`] = `
.c0 {
  text-align: right;
}

.c1 {
  border: 1px solid #4674EE;
  border-radius: 3px;
  background: white;
  color: #4674EE;
  font-size: 16px;
  padding: 5px 10px;
  cursor: pointer;
  -webkit-transition: all 0.3s;
  transition: all 0.3s;
  font-weight: 600;
  border-color: #ee468e;
  color: #ee468e;
  cursor: default;
}

.c1:hover {
  color: white;
  background: #4674EE;
}

.c1:hover {
  background: #ee468e;
}

<div
  className="c0"
>
  <button
    className="open-modal-btn c1"
    onClick={[Function]}
  >
    Total donation: 
    0
  </button>
</div>
`;
